2026-07-24T14:10:23.030Z PrismaClientKnownRequestError: 
Invalid `prisma.columnaKanban.findMany()` invocation in
C:\Users\Administrador\Desktop\nakama-v6-win\nakama-project\api\src\presentation\controllers\BibliotecaController.ts:49:49

  46 const { prisma } = require('../../infrastructure/database/prisma/client')
  47 const targetUserId = req.params.usuarioId
  48 
→ 49 let columnas = await prisma.columnaKanban.findMany(
Can't reach database server at `aws-1-us-west-2.pooler.supabase.com:6543`

Please make sure your database server is running at `aws-1-us-west-2.pooler.supabase.com:6543`.
    at $n.handleRequestError (C:\Users\Administrador\Desktop\nakama-v6-win\nakama-project\node_modules\.pnpm\@prisma+client@5.22.0_prisma@5.22.0\node_modules\@prisma\client\runtime\library.js:121:7315)
    at $n.handleAndLogRequestError (C:\Users\Administrador\Desktop\nakama-v6-win\nakama-project\node_modules\.pnpm\@prisma+client@5.22.0_prisma@5.22.0\node_modules\@prisma\client\runtime\library.js:121:6623)
    at $n.request (C:\Users\Administrador\Desktop\nakama-v6-win\nakama-project\node_modules\.pnpm\@prisma+client@5.22.0_prisma@5.22.0\node_modules\@prisma\client\runtime\library.js:121:6307)
    at async l (C:\Users\Administrador\Desktop\nakama-v6-win\nakama-project\node_modules\.pnpm\@prisma+client@5.22.0_prisma@5.22.0\node_modules\@prisma\client\runtime\library.js:130:9633)
    at async getColumnas (C:\Users\Administrador\Desktop\nakama-v6-win\nakama-project\api\src\presentation\controllers\BibliotecaController.ts:49:22)
2026-07-24T14:10:23.170Z PrismaClientKnownRequestError: 
Invalid `prisma.usuario.findUnique()` invocation in
C:\Users\Administrador\Desktop\nakama-v6-win\nakama-project\api\src\presentation\controllers\UsuarioController.ts:34:44

  31 
  32 perfil = async (req: AuthRequest, res: Response, next: NextFunction) => {
  33   try {
→ 34     const usuario = await prisma.usuario.findUnique(
Can't reach database server at `aws-1-us-west-2.pooler.supabase.com:6543`

Please make sure your database server is running at `aws-1-us-west-2.pooler.supabase.com:6543`.
    at $n.handleRequestError (C:\Users\Administrador\Desktop\nakama-v6-win\nakama-project\node_modules\.pnpm\@prisma+client@5.22.0_prisma@5.22.0\node_modules\@prisma\client\runtime\library.js:121:7315)
    at $n.handleAndLogRequestError (C:\Users\Administrador\Desktop\nakama-v6-win\nakama-project\node_modules\.pnpm\@prisma+client@5.22.0_prisma@5.22.0\node_modules\@prisma\client\runtime\library.js:121:6623)
    at $n.request (C:\Users\Administrador\Desktop\nakama-v6-win\nakama-project\node_modules\.pnpm\@prisma+client@5.22.0_prisma@5.22.0\node_modules\@prisma\client\runtime\library.js:121:6307)
    at async l (C:\Users\Administrador\Desktop\nakama-v6-win\nakama-project\node_modules\.pnpm\@prisma+client@5.22.0_prisma@5.22.0\node_modules\@prisma\client\runtime\library.js:130:9633)
    at async perfil (C:\Users\Administrador\Desktop\nakama-v6-win\nakama-project\api\src\presentation\controllers\UsuarioController.ts:34:23)
2026-07-24T14:10:23.193Z PrismaClientKnownRequestError: 
Invalid `prisma.usuario.findUnique()` invocation in
C:\Users\Administrador\Desktop\nakama-v6-win\nakama-project\api\src\presentation\controllers\UsuarioController.ts:34:44

  31 
  32 perfil = async (req: AuthRequest, res: Response, next: NextFunction) => {
  33   try {
→ 34     const usuario = await prisma.usuario.findUnique(
Can't reach database server at `aws-1-us-west-2.pooler.supabase.com:6543`

Please make sure your database server is running at `aws-1-us-west-2.pooler.supabase.com:6543`.
    at $n.handleRequestError (C:\Users\Administrador\Desktop\nakama-v6-win\nakama-project\node_modules\.pnpm\@prisma+client@5.22.0_prisma@5.22.0\node_modules\@prisma\client\runtime\library.js:121:7315)
    at $n.handleAndLogRequestError (C:\Users\Administrador\Desktop\nakama-v6-win\nakama-project\node_modules\.pnpm\@prisma+client@5.22.0_prisma@5.22.0\node_modules\@prisma\client\runtime\library.js:121:6623)
    at $n.request (C:\Users\Administrador\Desktop\nakama-v6-win\nakama-project\node_modules\.pnpm\@prisma+client@5.22.0_prisma@5.22.0\node_modules\@prisma\client\runtime\library.js:121:6307)
    at async l (C:\Users\Administrador\Desktop\nakama-v6-win\nakama-project\node_modules\.pnpm\@prisma+client@5.22.0_prisma@5.22.0\node_modules\@prisma\client\runtime\library.js:130:9633)
    at async perfil (C:\Users\Administrador\Desktop\nakama-v6-win\nakama-project\api\src\presentation\controllers\UsuarioController.ts:34:23)
2026-07-24T14:10:23.207Z PrismaClientKnownRequestError: 
Invalid `prisma.usuario.findUnique()` invocation in
C:\Users\Administrador\Desktop\nakama-v6-win\nakama-project\api\src\presentation\controllers\UsuarioController.ts:34:44

  31 
  32 perfil = async (req: AuthRequest, res: Response, next: NextFunction) => {
  33   try {
→ 34     const usuario = await prisma.usuario.findUnique(
Can't reach database server at `aws-1-us-west-2.pooler.supabase.com:6543`

Please make sure your database server is running at `aws-1-us-west-2.pooler.supabase.com:6543`.
    at $n.handleRequestError (C:\Users\Administrador\Desktop\nakama-v6-win\nakama-project\node_modules\.pnpm\@prisma+client@5.22.0_prisma@5.22.0\node_modules\@prisma\client\runtime\library.js:121:7315)
    at $n.handleAndLogRequestError (C:\Users\Administrador\Desktop\nakama-v6-win\nakama-project\node_modules\.pnpm\@prisma+client@5.22.0_prisma@5.22.0\node_modules\@prisma\client\runtime\library.js:121:6623)
    at $n.request (C:\Users\Administrador\Desktop\nakama-v6-win\nakama-project\node_modules\.pnpm\@prisma+client@5.22.0_prisma@5.22.0\node_modules\@prisma\client\runtime\library.js:121:6307)
    at async l (C:\Users\Administrador\Desktop\nakama-v6-win\nakama-project\node_modules\.pnpm\@prisma+client@5.22.0_prisma@5.22.0\node_modules\@prisma\client\runtime\library.js:130:9633)
    at async perfil (C:\Users\Administrador\Desktop\nakama-v6-win\nakama-project\api\src\presentation\controllers\UsuarioController.ts:34:23)
2026-07-24T14:10:23.332Z PrismaClientKnownRequestError: 
Invalid `prisma.anime.findMany()` invocation in
C:\Users\Administrador\Desktop\nakama-v6-win\nakama-project\api\src\presentation\controllers\AnimeController.ts:58:45

  55 // Enriquecer con notas MAL de la base de datos local
  56 if (resultado && resultado.length > 0) {
  57   const ids = resultado.map(a => a.anilistId)
→ 58   const dbAnimes = await prisma.anime.findMany(
Can't reach database server at `aws-1-us-west-2.pooler.supabase.com:6543`

Please make sure your database server is running at `aws-1-us-west-2.pooler.supabase.com:6543`.
    at $n.handleRequestError (C:\Users\Administrador\Desktop\nakama-v6-win\nakama-project\node_modules\.pnpm\@prisma+client@5.22.0_prisma@5.22.0\node_modules\@prisma\client\runtime\library.js:121:7315)
    at $n.handleAndLogRequestError (C:\Users\Administrador\Desktop\nakama-v6-win\nakama-project\node_modules\.pnpm\@prisma+client@5.22.0_prisma@5.22.0\node_modules\@prisma\client\runtime\library.js:121:6623)
    at $n.request (C:\Users\Administrador\Desktop\nakama-v6-win\nakama-project\node_modules\.pnpm\@prisma+client@5.22.0_prisma@5.22.0\node_modules\@prisma\client\runtime\library.js:121:6307)
    at async l (C:\Users\Administrador\Desktop\nakama-v6-win\nakama-project\node_modules\.pnpm\@prisma+client@5.22.0_prisma@5.22.0\node_modules\@prisma\client\runtime\library.js:130:9633)
    at async populares (C:\Users\Administrador\Desktop\nakama-v6-win\nakama-project\api\src\presentation\controllers\AnimeController.ts:58:26)
2026-07-24T14:10:23.392Z PrismaClientKnownRequestError: 
Invalid `prisma.anime.findMany()` invocation in
C:\Users\Administrador\Desktop\nakama-v6-win\nakama-project\api\src\presentation\controllers\AnimeController.ts:58:45

  55 // Enriquecer con notas MAL de la base de datos local
  56 if (resultado && resultado.length > 0) {
  57   const ids = resultado.map(a => a.anilistId)
→ 58   const dbAnimes = await prisma.anime.findMany(
Can't reach database server at `aws-1-us-west-2.pooler.supabase.com:6543`

Please make sure your database server is running at `aws-1-us-west-2.pooler.supabase.com:6543`.
    at $n.handleRequestError (C:\Users\Administrador\Desktop\nakama-v6-win\nakama-project\node_modules\.pnpm\@prisma+client@5.22.0_prisma@5.22.0\node_modules\@prisma\client\runtime\library.js:121:7315)
    at $n.handleAndLogRequestError (C:\Users\Administrador\Desktop\nakama-v6-win\nakama-project\node_modules\.pnpm\@prisma+client@5.22.0_prisma@5.22.0\node_modules\@prisma\client\runtime\library.js:121:6623)
    at $n.request (C:\Users\Administrador\Desktop\nakama-v6-win\nakama-project\node_modules\.pnpm\@prisma+client@5.22.0_prisma@5.22.0\node_modules\@prisma\client\runtime\library.js:121:6307)
    at async l (C:\Users\Administrador\Desktop\nakama-v6-win\nakama-project\node_modules\.pnpm\@prisma+client@5.22.0_prisma@5.22.0\node_modules\@prisma\client\runtime\library.js:130:9633)
    at async populares (C:\Users\Administrador\Desktop\nakama-v6-win\nakama-project\api\src\presentation\controllers\AnimeController.ts:58:26)
2026-07-24T14:10:26.368Z TypeError: fetch failed
2026-07-24T14:10:26.429Z TypeError: fetch failed
2026-07-24T14:10:29.399Z TypeError: fetch failed
2026-07-24T14:10:37.816Z PrismaClientKnownRequestError: 
Invalid `prisma.listaUsuario.findMany()` invocation in
C:\Users\Administrador\Desktop\nakama-v6-win\nakama-project\api\src\presentation\controllers\BibliotecaController.ts:13:53

  10 const { prisma } = require('../../infrastructure/database/prisma/client')
  11 const targetUserId = req.params.usuarioId
  12 
→ 13 const listaPropia = await prisma.listaUsuario.findMany(
Server has closed the connection.
    at $n.handleRequestError (C:\Users\Administrador\Desktop\nakama-v6-win\nakama-project\node_modules\.pnpm\@prisma+client@5.22.0_prisma@5.22.0\node_modules\@prisma\client\runtime\library.js:121:7315)
    at $n.handleAndLogRequestError (C:\Users\Administrador\Desktop\nakama-v6-win\nakama-project\node_modules\.pnpm\@prisma+client@5.22.0_prisma@5.22.0\node_modules\@prisma\client\runtime\library.js:121:6623)
    at $n.request (C:\Users\Administrador\Desktop\nakama-v6-win\nakama-project\node_modules\.pnpm\@prisma+client@5.22.0_prisma@5.22.0\node_modules\@prisma\client\runtime\library.js:121:6307)
    at async l (C:\Users\Administrador\Desktop\nakama-v6-win\nakama-project\node_modules\.pnpm\@prisma+client@5.22.0_prisma@5.22.0\node_modules\@prisma\client\runtime\library.js:130:9633)
    at async getLista (C:\Users\Administrador\Desktop\nakama-v6-win\nakama-project\api\src\presentation\controllers\BibliotecaController.ts:13:27)
